

> web@0.1.0 build /media/ankush/New Volume/Projects/meetjin/apps/web
> next build

[1m[38;2;173;127;168m▲ Next.js 16.2.6[39m[22m (Turbopack)
- Environments: .env.local

[37m[1m [22m[39m Creating an optimized production build ...
[32m[1m✓[22m[39m Compiled successfully in 16.9s
[?25l[37m[1m [22m[39m Running TypeScript  [36m.[39m[2K[1G[37m[1m [22m[39m Running TypeScript  [36m..[39m[2K[1G[37m[1m [22m[39m Running TypeScript  [36m...[39m[2K[1G[37m[1m [22m[39m Running TypeScript  [36m.[39m[2K[1G[37m[1m [22m[39m Running TypeScript  [36m..[39m[2K[1G[37m[1m [22m[39m Running TypeScript  [36m...[39m[2K[1G[37m[1m [22m[39m Running TypeScript  [36m.[39m[2K[1G[37m[1m [22m[39m Running TypeScript  [36m..[39m[2K[1G[37m[1m [22m[39m Running TypeScript  [36m...[39m[2K[1G[37m[1m [22m[39m Running TypeScript  [36m.[39m[2K[1G[37m[1m [22m[39m Running TypeScript  [36m..[39m[2K[1G[37m[1m [22m[39m Running TypeScript  [36m...[39m[2K[1G[37m[1m [22m[39m Running TypeScript  [36m.[39m[2K[1G[37m[1m [22m[39m Running TypeScript  [36m..[39m[2K[1G[37m[1m [22m[39m Running TypeScript  [36m...[39m[2K[1G[37m[1m [22m[39m Running TypeScript  [36m.[39m[2K[1G[37m[1m [22m[39m Running TypeScript  [36m..[39m[2K[1G[37m[1m [22m[39m Running TypeScript  [36m...[39m[2K[1G[37m[1m [22m[39m Running TypeScript  [36m.[39m[2K[1G[37m[1m [22m[39m Running TypeScript  [36m..[39m[2K[1G[37m[1m [22m[39m Running TypeScript  [36m...[39m[2K[1G[37m[1m [22m[39m Running TypeScript  [36m.[39m[2K[1G[37m[1m [22m[39m Running TypeScript  [36m..[39m[2K[1G[37m[1m [22m[39m Running TypeScript  [36m...[39m[2K[1G[37m[1m [22m[39m Running TypeScript  [36m.[39m[2K[1G[37m[1m [22m[39m Running TypeScript  [36m..[39m[2K[1G[37m[1m [22m[39m Running TypeScript  [36m...[39m[2K[1G[37m[1m [22m[39m Running TypeScript  [36m.[39m[2K[1G[37m[1m [22m[39m Running TypeScript  [36m..[39m[2K[1G[37m[1m [22m[39m Running TypeScript  [36m...[39m[2K[1G[37m[1m [22m[39m Running TypeScript  [36m.[39m[2K[1G[37m[1m [22m[39m Running TypeScript  [36m..[39m[2K[1G[37m[1m [22m[39m Running TypeScript  [36m...[39m[2K[1G[37m[1m [22m[39m Running TypeScript  [36m.[39m[2K[1G[37m[1m [22m[39m Running TypeScript  [36m..[39m[2K[1G[37m[1m [22m[39m Running TypeScript  [36m...[39m[2K[1G[37m[1m [22m[39m Running TypeScript  [36m.[39m[2K[1G[37m[1m [22m[39m Running TypeScript  [36m..[39m[2K[1G[37m[1m [22m[39m Running TypeScript  [36m...[39m[2K[1G[37m[1m [22m[39m Running TypeScript  [36m.[39m[2K[1G[37m[1m [22m[39m Running TypeScript  [36m..[39m[2K[1G[37m[1m [22m[39m Running TypeScript  [36m...[39m[2K[1G[37m[1m [22m[39m Running TypeScript  [36m.[39m[2K[1G[37m[1m [22m[39m Running TypeScript  [36m..[39m[2K[1G[37m[1m [22m[39m Running TypeScript  [36m...[39m[2K[1G[37m[1m [22m[39m Running TypeScript  [36m.[39m[2K[1G[37m[1m [22m[39m Running TypeScript  [36m..[39m[2K[1G[37m[1m [22m[39m Running TypeScript  [36m...[39m[2K[1G[37m[1m [22m[39m Running TypeScript  [36m.[39m[2K[1G[37m[1m [22m[39m Running TypeScript  [36m..[39m[2K[1G[37m[1m [22m[39m Running TypeScript  [36m...[39m[2K[1G[37m[1m [22m[39m Running TypeScript  [36m.[39m[2K[1G[37m[1m [22m[39m Running TypeScript  [36m..[39m[2K[1G[37m[1m [22m[39m Running TypeScript  [36m...[39m[2K[1G[37m[1m [22m[39m Running TypeScript  [36m.[39m[2K[1G[37m[1m [22m[39m Running TypeScript  [36m..[39m[2K[1G[37m[1m [22m[39m Running TypeScript  [36m...[39m[2K[1G[37m[1m [22m[39m Running TypeScript  [36m.[39m[2K[1G[37m[1m [22m[39m Running TypeScript  [36m..[39m[2K[1G[37m[1m [22m[39m Running TypeScript  [36m...[39m[2K[1G[37m[1m [22m[39m Running TypeScript  [36m.[39m[2K[1G[37m[1m [22m[39m Running TypeScript  [36m..[39m[2K[1G[37m[1m [22m[39m Running TypeScript  [36m...[39m[2K[1G[37m[1m [22m[39m Running TypeScript  [36m.[39m[2K[1G[37m[1m [22m[39m Running TypeScript  [36m..[39m[2K[1G[37m[1m [22m[39m Running TypeScript  [36m...[39m[2K[1G[37m[1m [22m[39m Running TypeScript  [36m.[39m[2K[1G[?25h[?25l[37m[1m [22m[39m Finished TypeScript in 13.3s  [36m.[39m[2K[1G[?25h[37m[1m [22m[39m Finished TypeScript in 13.3s    [32m[1m✓[22m[39m Finished TypeScript in 13.3s 
[?25l[37m[1m [22m[39m Collecting page data using 3 workers  [36m.[39m[2K[1G[37m[1m [22m[39m Collecting page data using 3 workers  [36m..[39m[2K[1G[37m[1m [22m[39m Collecting page data using 3 workers  [36m...[39m[2K[1G[37m[1m [22m[39m Collecting page data using 3 workers  [36m.[39m[2K[1G[37m[1m [22m[39m Collecting page data using 3 workers  [36m..[39m[2K[1G[37m[1m [22m[39m Collecting page data using 3 workers  [36m...[39m[2K[1G[37m[1m [22m[39m Collecting page data using 3 workers  [36m.[39m[2K[1G[37m[1m [22m[39m Collecting page data using 3 workers  [36m..[39m[2K[1G[37m[1m [22m[39m Collecting page data using 3 workers  [36m...[39m[2K[1G[37m[1m [22m[39m Collecting page data using 3 workers  [36m.[39m[2K[1G[37m[1m [22m[39m Collecting page data using 3 workers  [36m..[39m[2K[1G[37m[1m [22m[39m Collecting page data using 3 workers  [36m...[39m[2K[1G[37m[1m [22m[39m Collecting page data using 3 workers  [36m.[39m[2K[1G[37m[1m [22m[39m Collecting page data using 3 workers  [36m..[39m[2K[1G[37m[1m [22m[39m Collecting page data using 3 workers  [36m...[39m[2K[1G[37m[1m [22m[39m Collecting page data using 3 workers  [36m.[39m[2K[1G[?25h[37m[1m [22m[39m Collecting page data using 3 workers in 3.2s    [32m[1m✓[22m[39m Collecting page data using 3 workers in 3.2s 
[?25l[37m[1m [22m[39m Generating static pages using 3 workers (0/18)  [36m[    ][39m[2K[1G[37m[1m [22m[39m Generating static pages using 3 workers (1/18)  [36m[=   ][39m[2K[1G[?25h[33m[1m⚠[22m[39m metadataBase property in metadata export is not set for resolving social open graph or twitter images, using "http://localhost:3000". See https://nextjs.org/docs/app/api-reference/functions/generate-metadata#metadatabase
[?25h[32m[1m✓[22m[39m Generating static pages using 3 workers (18/18) in 797ms
[?25l[37m[1m [22m[39m Finalizing page optimization  [36m.[39m[2K[1G[?25h[37m[1m [22m[39m Finalizing page optimization in 39ms    [32m[1m✓[22m[39m Finalizing page optimization in 39ms 

[4mRoute (app)[24m
┌ ○ /
├ ○ /_not-found
├ ƒ /api/v1/debug/create-publisher
├ ƒ /api/v1/publisher/apps
├ ƒ /api/v1/publisher/apps/[slug]
├ ƒ /api/v1/publisher/apps/[slug]/analytics
├ ƒ /api/v1/publisher/apps/[slug]/refresh
├ ƒ /api/v1/publisher/register
├ ƒ /api/v1/registry/apps
├ ƒ /api/v1/registry/apps/[slug]
├ ƒ /api/v1/registry/categories
├ ƒ /api/v1/registry/fetch-intent-map
├ ƒ /api/v1/registry/search
├ ƒ /api/v1/registry/search/log
├ ƒ /api/v1/waitlist
├ ○ /apple-icon.png
├ ○ /build
├ ○ /explore
├ ○ /icon.png
├ ○ /publish
├ ƒ /registry
├ ƒ /registry/[slug]
└ ○ /spec


○  (Static)   prerendered as static content
ƒ  (Dynamic)  server-rendered on demand

[?25h
